#
# There is insufficient memory for the Java Runtime Environment to continue.
# Native memory allocation (malloc) failed to allocate 32744 bytes. Error detail: ChunkPool::allocate
# Possible reasons:
#   The system is out of physical RAM or swap space
#   This process is running with CompressedOops enabled, and the Java Heap may be blocking the growth of the native heap
# Possible solutions:
#   Reduce memory load on the system
#   Increase physical memory or swap space
#   Check if swap backing store is full
#   Decrease Java heap size (-Xmx/-Xms)
#   Decrease number of Java threads
#   Decrease Java thread stack sizes (-Xss)
#   Set larger code cache with -XX:ReservedCodeCacheSize=
#   JVM is running with Unscaled Compressed Oops mode in which the Java heap is
#     placed in the first 4GB address space. The Java Heap base address is the
#     maximum limit for the native heap growth. Please use -XX:HeapBaseMinAddress
#     to set the Java Heap base and to place the Java Heap above 4GB virtual address.
# This output file may be truncated or incomplete.
#
#  Out of Memory Error (arena.cpp:79), pid=38324, tid=14244
#
# JRE version: OpenJDK Runtime Environment Microsoft-10376486 (17.0.13+11) (build 17.0.13+11-LTS)
# Java VM: OpenJDK 64-Bit Server VM Microsoft-10376486 (17.0.13+11-LTS, mixed mode, sharing, tiered, compressed oops, compressed class ptrs, g1 gc, windows-amd64)
# No core dump will be written. Minidumps are not enabled by default on client versions of Windows
#

---------------  S U M M A R Y ------------

Command Line: -Xmx64m -Xms64m -Dorg.gradle.appname=gradlew C:\sttribe_Internship\sttribe-app\android\\gradle\wrapper\gradle-wrapper.jar app:installDebug -PreactNativeDevServerPort=8081

Host: AMD Ryzen 5 5500U with Radeon Graphics         , 12 cores, 5G,  Windows 11 , 64 bit Build 26100 (10.0.26100.6725)
Time: Sat Oct 18 08:47:45 2025 India Standard Time elapsed time: 233.943563 seconds (0d 0h 3m 53s)

---------------  T H R E A D  ---------------

Current thread (0x00000144f0a6cb90):  JavaThread "C2 CompilerThread0" daemon [_thread_in_native, id=14244, stack(0x00000040de600000,0x00000040de700000)]


Current CompileTask:
C2: 233945 2070       4       org.gradle.internal.logging.console.MultiLineBuildProgressArea::redraw (203 bytes)

Stack: [0x00000040de600000,0x00000040de700000]
Native frames: (J=compiled Java code, j=interpreted, Vv=VM code, C=native code)
V  [jvm.dll+0x687fc9]
V  [jvm.dll+0x83eeb8]
V  [jvm.dll+0x840963]
V  [jvm.dll+0x840fd3]
V  [jvm.dll+0x24951f]
V  [jvm.dll+0xad2cc]
V  [jvm.dll+0xad75c]
V  [jvm.dll+0x58e02e]
V  [jvm.dll+0x2237a2]
V  [jvm.dll+0x21c359]
V  [jvm.dll+0x219a7b]
V  [jvm.dll+0x1a5506]
V  [jvm.dll+0x22a1ca]
V  [jvm.dll+0x22830b]
V  [jvm.dll+0x7f4708]
V  [jvm.dll+0x7eea6c]
V  [jvm.dll+0x686ea7]
C  [ucrtbase.dll+0x37b0]
C  [KERNEL32.DLL+0x2e8d7]
C  [ntdll.dll+0x8c53c]


---------------  P R O C E S S  ---------------

Threads class SMR info:
_java_thread_list=0x00000144f587b250, length=13, elements={
0x00000144d6bcee00, 0x00000144f0a49770, 0x00000144f0a4be60, 0x00000144f0a5fe90,
0x00000144f0a62580, 0x00000144f0a64a70, 0x00000144f0a6b370, 0x00000144f0a6cb90,
0x00000144f0a7a8d0, 0x00000144f0a83df0, 0x00000144f0bb4eb0, 0x00000144f0bb5e40,
0x00000144f5c04f10
}

Java Threads: ( => current thread )
  0x00000144d6bcee00 JavaThread "main" [_thread_in_native, id=26284, stack(0x00000040dd900000,0x00000040dda00000)]
  0x00000144f0a49770 JavaThread "Reference Handler" daemon [_thread_blocked, id=16456, stack(0x00000040de000000,0x00000040de100000)]
  0x00000144f0a4be60 JavaThread "Finalizer" daemon [_thread_blocked, id=33360, stack(0x00000040de100000,0x00000040de200000)]
  0x00000144f0a5fe90 JavaThread "Signal Dispatcher" daemon [_thread_blocked, id=32948, stack(0x00000040de200000,0x00000040de300000)]
  0x00000144f0a62580 JavaThread "Attach Listener" daemon [_thread_blocked, id=34292, stack(0x00000040de300000,0x00000040de400000)]
  0x00000144f0a64a70 JavaThread "Service Thread" daemon [_thread_blocked, id=39400, stack(0x00000040de400000,0x00000040de500000)]
  0x00000144f0a6b370 JavaThread "Monitor Deflation Thread" daemon [_thread_blocked, id=35296, stack(0x00000040de500000,0x00000040de600000)]
=>0x00000144f0a6cb90 JavaThread "C2 CompilerThread0" daemon [_thread_in_native, id=14244, stack(0x00000040de600000,0x00000040de700000)]
  0x00000144f0a7a8d0 JavaThread "C1 CompilerThread0" daemon [_thread_blocked, id=30620, stack(0x00000040de700000,0x00000040de800000)]
  0x00000144f0a83df0 JavaThread "Sweeper thread" daemon [_thread_blocked, id=7520, stack(0x00000040de800000,0x00000040de900000)]
  0x00000144f0bb4eb0 JavaThread "Notification Thread" daemon [_thread_blocked, id=38612, stack(0x00000040de900000,0x00000040dea00000)]
  0x00000144f0bb5e40 JavaThread "Common-Cleaner" daemon [_thread_blocked, id=21752, stack(0x00000040deb00000,0x00000040dec00000)]
  0x00000144f5c04f10 JavaThread "pool-1-thread-1" [_thread_blocked, id=7768, stack(0x00000040df000000,0x00000040df100000)]

Other Threads:
  0x00000144f0a44ef0 VMThread "VM Thread" [stack: 0x00000040ddf00000,0x00000040de000000] [id=25192]
  0x00000144f0bb5790 WatcherThread [stack: 0x00000040dea00000,0x00000040deb00000] [id=38552]
  0x00000144d6bf0560 GCTaskThread "GC Thread#0" [stack: 0x00000040dda00000,0x00000040ddb00000] [id=18556]
  0x00000144f0d22c60 GCTaskThread "GC Thread#1" [stack: 0x00000040ded00000,0x00000040dee00000] [id=39092]
  0x00000144f0d4b5c0 GCTaskThread "GC Thread#2" [stack: 0x00000040dee00000,0x00000040def00000] [id=32044]
  0x00000144f0d453f0 GCTaskThread "GC Thread#3" [stack: 0x00000040def00000,0x00000040df000000] [id=22972]
  0x00000144f617c060 GCTaskThread "GC Thread#4" [stack: 0x00000040dec00000,0x00000040ded00000] [id=10104]
  0x00000144f5c257e0 GCTaskThread "GC Thread#5" [stack: 0x00000040df100000,0x00000040df200000] [id=31560]
  0x00000144f61808a0 GCTaskThread "GC Thread#6" [stack: 0x00000040df200000,0x00000040df300000] [id=32996]
  0x00000144d6bf1cb0 ConcurrentGCThread "G1 Main Marker" [stack: 0x00000040ddb00000,0x00000040ddc00000] [id=21480]
  0x00000144d6bf4250 ConcurrentGCThread "G1 Conc#0" [stack: 0x00000040ddc00000,0x00000040ddd00000] [id=8204]
  0x00000144d6c74740 ConcurrentGCThread "G1 Refine#0" [stack: 0x00000040ddd00000,0x00000040dde00000] [id=16332]
  0x00000144d6c74b30 ConcurrentGCThread "G1 Service" [stack: 0x00000040dde00000,0x00000040ddf00000] [id=26152]

Threads with active compile tasks:
C2 CompilerThread0   234096 2070       4       org.gradle.internal.logging.console.MultiLineBuildProgressArea::redraw (203 bytes)

VM state: not at safepoint (normal execution)

VM Mutex/Monitor currently owned by a thread: None

Heap address: 0x00000000fc000000, size: 64 MB, Compressed Oops mode: 32-bit

CDS archive(s) mapped at: [0x0000014480000000-0x0000014480bb0000-0x0000014480bb0000), size 12255232, SharedBaseAddress: 0x0000014480000000, ArchiveRelocationMode: 1.
Compressed class space mapped at: 0x0000014481000000-0x00000144c1000000, reserved size: 1073741824
Narrow klass base: 0x0000014480000000, Narrow klass shift: 0, Narrow klass range: 0x100000000

GC Precious Log:
 CPUs: 12 total, 12 available
 Memory: 5989M
 Large Page Support: Disabled
 NUMA Support: Disabled
 Compressed Oops: Enabled (32-bit)
 Heap Region Size: 1M
 Heap Min Capacity: 64M
 Heap Initial Capacity: 64M
 Heap Max Capacity: 64M
 Pre-touch: Disabled
 Parallel Workers: 10
 Concurrent Workers: 3
 Concurrent Refinement Workers: 10
 Periodic GC: Disabled

Heap:
 garbage-first heap   total 65536K, used 23636K [0x00000000fc000000, 0x0000000100000000)
  region size 1024K, 17 young (17408K), 4 survivors (4096K)
 Metaspace       used 9604K, committed 9792K, reserved 1114112K
  class space    used 1260K, committed 1344K, reserved 1048576K

Heap Regions: E=young(eden), S=young(survivor), O=old, HS=humongous(starts), HC=humongous(continues), CS=collection set, F=free, OA=open archive, CA=closed archive, TAMS=top-at-mark-start (previous, next)
|   0|0x00000000fc000000, 0x00000000fc100000, 0x00000000fc100000|100%|HS|  |TAMS 0x00000000fc000000, 0x00000000fc000000| Complete 
|   1|0x00000000fc100000, 0x00000000fc200000, 0x00000000fc200000|100%|HC|  |TAMS 0x00000000fc100000, 0x00000000fc100000| Complete 
|   2|0x00000000fc200000, 0x00000000fc300000, 0x00000000fc300000|100%|HC|  |TAMS 0x00000000fc200000, 0x00000000fc200000| Complete 
|   3|0x00000000fc300000, 0x00000000fc400000, 0x00000000fc400000|100%| O|  |TAMS 0x00000000fc300000, 0x00000000fc300000| Untracked 
|   4|0x00000000fc400000, 0x00000000fc500000, 0x00000000fc500000|100%| O|  |TAMS 0x00000000fc400000, 0x00000000fc400000| Untracked 
|   5|0x00000000fc500000, 0x00000000fc600000, 0x00000000fc600000|100%| O|  |TAMS 0x00000000fc500000, 0x00000000fc500000| Untracked 
|   6|0x00000000fc600000, 0x00000000fc700000, 0x00000000fc700000|100%| O|  |TAMS 0x00000000fc600000, 0x00000000fc600000| Untracked 
|   7|0x00000000fc700000, 0x00000000fc715200, 0x00000000fc800000|  8%| O|  |TAMS 0x00000000fc700000, 0x00000000fc700000| Untracked 
|   8|0x00000000fc800000, 0x00000000fc800000, 0x00000000fc900000|  0%| F|  |TAMS 0x00000000fc800000, 0x00000000fc800000| Untracked 
|   9|0x00000000fc900000, 0x00000000fc900000, 0x00000000fca00000|  0%| F|  |TAMS 0x00000000fc900000, 0x00000000fc900000| Untracked 
|  10|0x00000000fca00000, 0x00000000fca00000, 0x00000000fcb00000|  0%| F|  |TAMS 0x00000000fca00000, 0x00000000fca00000| Untracked 
|  11|0x00000000fcb00000, 0x00000000fcb00000, 0x00000000fcc00000|  0%| F|  |TAMS 0x00000000fcb00000, 0x00000000fcb00000| Untracked 
|  12|0x00000000fcc00000, 0x00000000fcc00000, 0x00000000fcd00000|  0%| F|  |TAMS 0x00000000fcc00000, 0x00000000fcc00000| Untracked 
|  13|0x00000000fcd00000, 0x00000000fcd00000, 0x00000000fce00000|  0%| F|  |TAMS 0x00000000fcd00000, 0x00000000fcd00000| Untracked 
|  14|0x00000000fce00000, 0x00000000fce00000, 0x00000000fcf00000|  0%| F|  |TAMS 0x00000000fce00000, 0x00000000fce00000| Untracked 
|  15|0x00000000fcf00000, 0x00000000fcf00000, 0x00000000fd000000|  0%| F|  |TAMS 0x00000000fcf00000, 0x00000000fcf00000| Untracked 
|  16|0x00000000fd000000, 0x00000000fd000000, 0x00000000fd100000|  0%| F|  |TAMS 0x00000000fd000000, 0x00000000fd000000| Untracked 
|  17|0x00000000fd100000, 0x00000000fd100000, 0x00000000fd200000|  0%| F|  |TAMS 0x00000000fd100000, 0x00000000fd100000| Untracked 
|  18|0x00000000fd200000, 0x00000000fd200000, 0x00000000fd300000|  0%| F|  |TAMS 0x00000000fd200000, 0x00000000fd200000| Untracked 
|  19|0x00000000fd300000, 0x00000000fd300000, 0x00000000fd400000|  0%| F|  |TAMS 0x00000000fd300000, 0x00000000fd300000| Untracked 
|  20|0x00000000fd400000, 0x00000000fd400000, 0x00000000fd500000|  0%| F|  |TAMS 0x00000000fd400000, 0x00000000fd400000| Untracked 
|  21|0x00000000fd500000, 0x00000000fd500000, 0x00000000fd600000|  0%| F|  |TAMS 0x00000000fd500000, 0x00000000fd500000| Untracked 
|  22|0x00000000fd600000, 0x00000000fd600000, 0x00000000fd700000|  0%| F|  |TAMS 0x00000000fd600000, 0x00000000fd600000| Untracked 
|  23|0x00000000fd700000, 0x00000000fd700000, 0x00000000fd800000|  0%| F|  |TAMS 0x00000000fd700000, 0x00000000fd700000| Untracked 
|  24|0x00000000fd800000, 0x00000000fd800000, 0x00000000fd900000|  0%| F|  |TAMS 0x00000000fd800000, 0x00000000fd800000| Untracked 
|  25|0x00000000fd900000, 0x00000000fd900000, 0x00000000fda00000|  0%| F|  |TAMS 0x00000000fd900000, 0x00000000fd900000| Untracked 
|  26|0x00000000fda00000, 0x00000000fda00000, 0x00000000fdb00000|  0%| F|  |TAMS 0x00000000fda00000, 0x00000000fda00000| Untracked 
|  27|0x00000000fdb00000, 0x00000000fdb00000, 0x00000000fdc00000|  0%| F|  |TAMS 0x00000000fdb00000, 0x00000000fdb00000| Untracked 
|  28|0x00000000fdc00000, 0x00000000fdd00000, 0x00000000fdd00000|100%| S|CS|TAMS 0x00000000fdc00000, 0x00000000fdc00000| Complete 
|  29|0x00000000fdd00000, 0x00000000fde00000, 0x00000000fde00000|100%| S|CS|TAMS 0x00000000fdd00000, 0x00000000fdd00000| Complete 
|  30|0x00000000fde00000, 0x00000000fdf00000, 0x00000000fdf00000|100%| S|CS|TAMS 0x00000000fde00000, 0x00000000fde00000| Complete 
|  31|0x00000000fdf00000, 0x00000000fe000000, 0x00000000fe000000|100%| S|CS|TAMS 0x00000000fdf00000, 0x00000000fdf00000| Complete 
|  32|0x00000000fe000000, 0x00000000fe000000, 0x00000000fe100000|  0%| F|  |TAMS 0x00000000fe000000, 0x00000000fe000000| Untracked 
|  33|0x00000000fe100000, 0x00000000fe100000, 0x00000000fe200000|  0%| F|  |TAMS 0x00000000fe100000, 0x00000000fe100000| Untracked 
|  34|0x00000000fe200000, 0x00000000fe200000, 0x00000000fe300000|  0%| F|  |TAMS 0x00000000fe200000, 0x00000000fe200000| Untracked 
|  35|0x00000000fe300000, 0x00000000fe300000, 0x00000000fe400000|  0%| F|  |TAMS 0x00000000fe300000, 0x00000000fe300000| Untracked 
|  36|0x00000000fe400000, 0x00000000fe400000, 0x00000000fe500000|  0%| F|  |TAMS 0x00000000fe400000, 0x00000000fe400000| Untracked 
|  37|0x00000000fe500000, 0x00000000fe500000, 0x00000000fe600000|  0%| F|  |TAMS 0x00000000fe500000, 0x00000000fe500000| Untracked 
|  38|0x00000000fe600000, 0x00000000fe600000, 0x00000000fe700000|  0%| F|  |TAMS 0x00000000fe600000, 0x00000000fe600000| Untracked 
|  39|0x00000000fe700000, 0x00000000fe700000, 0x00000000fe800000|  0%| F|  |TAMS 0x00000000fe700000, 0x00000000fe700000| Untracked 
|  40|0x00000000fe800000, 0x00000000fe800000, 0x00000000fe900000|  0%| F|  |TAMS 0x00000000fe800000, 0x00000000fe800000| Untracked 
|  41|0x00000000fe900000, 0x00000000fe900000, 0x00000000fea00000|  0%| F|  |TAMS 0x00000000fe900000, 0x00000000fe900000| Untracked 
|  42|0x00000000fea00000, 0x00000000fea00000, 0x00000000feb00000|  0%| F|  |TAMS 0x00000000fea00000, 0x00000000fea00000| Untracked 
|  43|0x00000000feb00000, 0x00000000feb00000, 0x00000000fec00000|  0%| F|  |TAMS 0x00000000feb00000, 0x00000000feb00000| Untracked 
|  44|0x00000000fec00000, 0x00000000fec00000, 0x00000000fed00000|  0%| F|  |TAMS 0x00000000fec00000, 0x00000000fec00000| Untracked 
|  45|0x00000000fed00000, 0x00000000fed00000, 0x00000000fee00000|  0%| F|  |TAMS 0x00000000fed00000, 0x00000000fed00000| Untracked 
|  46|0x00000000fee00000, 0x00000000fee00000, 0x00000000fef00000|  0%| F|  |TAMS 0x00000000fee00000, 0x00000000fee00000| Untracked 
|  47|0x00000000fef00000, 0x00000000fef00000, 0x00000000ff000000|  0%| F|  |TAMS 0x00000000fef00000, 0x00000000fef00000| Untracked 
|  48|0x00000000ff000000, 0x00000000ff000000, 0x00000000ff100000|  0%| F|  |TAMS 0x00000000ff000000, 0x00000000ff000000| Untracked 
|  49|0x00000000ff100000, 0x00000000ff100000, 0x00000000ff200000|  0%| F|  |TAMS 0x00000000ff100000, 0x00000000ff100000| Untracked 
|  50|0x00000000ff200000, 0x00000000ff200000, 0x00000000ff300000|  0%| F|  |TAMS 0x00000000ff200000, 0x00000000ff200000| Untracked 
|  51|0x00000000ff300000, 0x00000000ff38a9b8, 0x00000000ff400000| 54%| E|  |TAMS 0x00000000ff300000, 0x00000000ff300000| Complete 
|  52|0x00000000ff400000, 0x00000000ff500000, 0x00000000ff500000|100%| E|CS|TAMS 0x00000000ff400000, 0x00000000ff400000| Complete 
|  53|0x00000000ff500000, 0x00000000ff600000, 0x00000000ff600000|100%| E|CS|TAMS 0x00000000ff500000, 0x00000000ff500000| Complete 
|  54|0x00000000ff600000, 0x00000000ff700000, 0x00000000ff700000|100%| E|CS|TAMS 0x00000000ff600000, 0x00000000ff600000| Complete 
|  55|0x00000000ff700000, 0x00000000ff800000, 0x00000000ff800000|100%| E|CS|TAMS 0x00000000ff700000, 0x00000000ff700000| Complete 
|  56|0x00000000ff800000, 0x00000000ff900000, 0x00000000ff900000|100%| E|CS|TAMS 0x00000000ff800000, 0x00000000ff800000| Complete 
|  57|0x00000000ff900000, 0x00000000ffa00000, 0x00000000ffa00000|100%| E|CS|TAMS 0x00000000ff900000, 0x00000000ff900000| Complete 
|  58|0x00000000ffa00000, 0x00000000ffb00000, 0x00000000ffb00000|100%| E|CS|TAMS 0x00000000ffa00000, 0x00000000ffa00000| Complete 
|  59|0x00000000ffb00000, 0x00000000ffc00000, 0x00000000ffc00000|100%| E|CS|TAMS 0x00000000ffb00000, 0x00000000ffb00000| Complete 
|  60|0x00000000ffc00000, 0x00000000ffd00000, 0x00000000ffd00000|100%| E|CS|TAMS 0x00000000ffc00000, 0x00000000ffc00000| Complete 
|  61|0x00000000ffd00000, 0x00000000ffe00000, 0x00000000ffe00000|100%| E|CS|TAMS 0x00000000ffd00000, 0x00000000ffd00000| Complete 
|  62|0x00000000ffe00000, 0x00000000fff00000, 0x00000000fff00000|100%| E|CS|TAMS 0x00000000ffe00000, 0x00000000ffe00000| Complete 
|  63|0x00000000fff00000, 0x0000000100000000, 0x0000000100000000|100%| E|CS|TAMS 0x00000000fff00000, 0x00000000fff00000| Complete 

Card table byte_map: [0x00000144d6af0000,0x00000144d6b10000] _byte_map_base: 0x00000144d6310000

Marking Bits (Prev, Next): (CMBitMap*) 0x00000144d6bf0b80, (CMBitMap*) 0x00000144d6bf0bc0
 Prev Bits: [0x00000144edc50000, 0x00000144edd50000)
 Next Bits: [0x00000144edd50000, 0x00000144ede50000)

Polling page: 0x00000144d4a30000

Metaspace:

Usage:
  Non-class:      8.15 MB used.
      Class:      1.23 MB used.
       Both:      9.38 MB used.

Virtual space:
  Non-class space:       64.00 MB reserved,       8.25 MB ( 13%) committed,  1 nodes.
      Class space:        1.00 GB reserved,       1.31 MB ( <1%) committed,  1 nodes.
             Both:        1.06 GB reserved,       9.56 MB ( <1%) committed. 

Chunk freelists:
   Non-Class:  7.67 MB
       Class:  14.51 MB
        Both:  22.18 MB

MaxMetaspaceSize: unlimited
CompressedClassSpaceSize: 1.00 GB
Initial GC threshold: 21.00 MB
Current GC threshold: 21.00 MB
CDS: on
MetaspaceReclaimPolicy: balanced
 - commit_granule_bytes: 65536.
 - commit_granule_words: 8192.
 - virtual_space_node_default_size: 8388608.
 - enlarge_chunks_in_place: 1.
 - new_chunks_are_fully_committed: 0.
 - uncommit_free_chunks: 1.
 - use_allocation_guard: 0.
 - handle_deallocations: 1.


Internal statistics:

num_allocs_failed_limit: 0.
num_arena_births: 80.
num_arena_deaths: 0.
num_vsnodes_births: 2.
num_vsnodes_deaths: 0.
num_space_committed: 153.
num_space_uncommitted: 0.
num_chunks_returned_to_freelist: 0.
num_chunks_taken_from_freelist: 348.
num_chunk_merges: 0.
num_chunk_splits: 229.
num_chunks_enlarged: 183.
num_inconsistent_stats: 0.

CodeHeap 'non-profiled nmethods': size=120000Kb used=935Kb max_used=935Kb free=119064Kb
 bounds [0x00000144e61d0000, 0x00000144e6440000, 0x00000144ed700000]
CodeHeap 'profiled nmethods': size=120000Kb used=3756Kb max_used=3756Kb free=116243Kb
 bounds [0x00000144de700000, 0x00000144deab0000, 0x00000144e5c30000]
CodeHeap 'non-nmethods': size=5760Kb used=1173Kb max_used=1205Kb free=4586Kb
 bounds [0x00000144e5c30000, 0x00000144e5ea0000, 0x00000144e61d0000]
 total_blobs=2530 nmethods=2066 adapters=376
 compilation: enabled
              stopped_count=0, restarted_count=0
 full_count=0

Compilation events (20 events):
Event: 202.528 Thread 0x00000144f0a7a8d0 2060       3       org.fusesource.jansi.Ansi::newline (19 bytes)
Event: 202.541 Thread 0x00000144f0a7a8d0 nmethod 2060 0x00000144deaa8590 code [0x00000144deaa87a0, 0x00000144deaa8d08]
Event: 202.541 Thread 0x00000144f0a7a8d0 2064       3       org.gradle.internal.logging.console.MultiLineBuildProgressArea::newLineAdjustment (50 bytes)
Event: 202.542 Thread 0x00000144f0a7a8d0 nmethod 2064 0x00000144deaa8f10 code [0x00000144deaa9100, 0x00000144deaa9688]
Event: 202.542 Thread 0x00000144f0a7a8d0 2065       3       com.google.common.base.Objects::equal (23 bytes)
Event: 202.543 Thread 0x00000144f0a7a8d0 nmethod 2065 0x00000144deaa9890 code [0x00000144deaa9a40, 0x00000144deaa9ca8]
Event: 202.543 Thread 0x00000144f0a7a8d0 2061       3       org.gradle.internal.logging.console.DefaultAnsiExecutor::access$400 (6 bytes)
Event: 202.544 Thread 0x00000144f0a7a8d0 nmethod 2061 0x00000144deaa9d90 code [0x00000144deaa9f20, 0x00000144deaaa048]
Event: 202.544 Thread 0x00000144f0a7a8d0 2063       3       org.gradle.internal.logging.console.DefaultColorMap$1::on (1 bytes)
Event: 202.545 Thread 0x00000144f0a7a8d0 nmethod 2063 0x00000144deaaa110 code [0x00000144deaaa2a0, 0x00000144deaaa3b8]
Event: 202.667 Thread 0x00000144f0a6cb90 nmethod 2062% 0x00000144e62ad710 code [0x00000144e62ad980, 0x00000144e62aea50]
Event: 211.241 Thread 0x00000144f0a6cb90 2066       4       org.gradle.internal.logging.sink.GroupingProgressLogEventGenerator::onUpdateNow (54 bytes)
Event: 211.365 Thread 0x00000144f0a6cb90 nmethod 2066 0x00000144e62af610 code [0x00000144e62af8c0, 0x00000144e62b0348]
Event: 214.632 Thread 0x00000144f0a6cb90 2067       4       org.gradle.internal.logging.console.WorkInProgressRenderer::renderNow (351 bytes)
Event: 217.299 Thread 0x00000144f0a6cb90 nmethod 2067 0x00000144e62b1410 code [0x00000144e62b18e0, 0x00000144e62b5fd8]
Event: 227.414 Thread 0x00000144f0a7a8d0 2068       3       com.google.common.base.Predicates$InstanceOfPredicate::<init> (6 bytes)
Event: 227.416 Thread 0x00000144f0a7a8d0 nmethod 2068 0x00000144deaaa490 code [0x00000144deaaa660, 0x00000144deaaa9e8]
Event: 227.416 Thread 0x00000144f0a7a8d0 2069       3       com.google.common.base.Predicates$InstanceOfPredicate::<init> (16 bytes)
Event: 227.417 Thread 0x00000144f0a7a8d0 nmethod 2069 0x00000144deaaab90 code [0x00000144deaaad40, 0x00000144deaab068]
Event: 229.078 Thread 0x00000144f0a6cb90 2070       4       org.gradle.internal.logging.console.MultiLineBuildProgressArea::redraw (203 bytes)

GC Heap History (4 events):
Event: 0.724 GC heap before
{Heap before GC invocations=0 (full 0):
 garbage-first heap   total 65536K, used 23552K [0x00000000fc000000, 0x0000000100000000)
  region size 1024K, 23 young (23552K), 0 survivors (0K)
 Metaspace       used 1724K, committed 1856K, reserved 1114112K
  class space    used 160K, committed 192K, reserved 1048576K
}
Event: 0.731 GC heap after
{Heap after GC invocations=1 (full 0):
 garbage-first heap   total 65536K, used 1824K [0x00000000fc000000, 0x0000000100000000)
  region size 1024K, 2 young (2048K), 2 survivors (2048K)
 Metaspace       used 1724K, committed 1856K, reserved 1114112K
  class space    used 160K, committed 192K, reserved 1048576K
}
Event: 2.433 GC heap before
{Heap before GC invocations=1 (full 0):
 garbage-first heap   total 65536K, used 34592K [0x00000000fc000000, 0x0000000100000000)
  region size 1024K, 32 young (32768K), 2 survivors (2048K)
 Metaspace       used 7671K, committed 7872K, reserved 1114112K
  class space    used 1051K, committed 1152K, reserved 1048576K
}
Event: 2.440 GC heap after
{Heap after GC invocations=2 (full 0):
 garbage-first heap   total 65536K, used 11348K [0x00000000fc000000, 0x0000000100000000)
  region size 1024K, 4 young (4096K), 4 survivors (4096K)
 Metaspace       used 7671K, committed 7872K, reserved 1114112K
  class space    used 1051K, committed 1152K, reserved 1048576K
}

Dll operation events (13 events):
Event: 0.013 Loaded shared library C:\Program Files\Microsoft\jdk-17.0.13.11-hotspot\bin\java.dll
Event: 0.033 Loaded shared library C:\Program Files\Microsoft\jdk-17.0.13.11-hotspot\bin\jsvml.dll
Event: 0.071 Loaded shared library C:\Program Files\Microsoft\jdk-17.0.13.11-hotspot\bin\net.dll
Event: 0.074 Loaded shared library C:\Program Files\Microsoft\jdk-17.0.13.11-hotspot\bin\nio.dll
Event: 0.078 Loaded shared library C:\Program Files\Microsoft\jdk-17.0.13.11-hotspot\bin\zip.dll
Event: 0.085 Loaded shared library C:\Program Files\Microsoft\jdk-17.0.13.11-hotspot\bin\verify.dll
Event: 0.700 Loaded shared library C:\Program Files\Microsoft\jdk-17.0.13.11-hotspot\bin\jimage.dll
Event: 1.419 Loaded shared library C:\Program Files\Microsoft\jdk-17.0.13.11-hotspot\bin\management.dll
Event: 1.428 Loaded shared library C:\Program Files\Microsoft\jdk-17.0.13.11-hotspot\bin\management_ext.dll
Event: 1.557 Loaded shared library C:\Users\laxman\.gradle\native\1def1411415f61bf3af743bc5b6707747c0891f09f0c88961ee8f79bc544acac\windows-amd64\native-platform.dll
Event: 1.647 Loaded shared library C:\Users\laxman\.gradle\native\jansi\1.18\windows64\jansi.dll
Event: 2.220 Loaded shared library C:\Program Files\Microsoft\jdk-17.0.13.11-hotspot\bin\extnet.dll
Event: 2.646 Loaded shared library C:\Program Files\Microsoft\jdk-17.0.13.11-hotspot\bin\sunmscapi.dll

Deoptimization events (20 events):
Event: 2.594 Thread 0x00000144d6bcee00 Uncommon trap: trap_request=0xffffffde fr.pc=0x00000144e620b2d4 relative=0x00000000000000b4
Event: 2.594 Thread 0x00000144d6bcee00 Uncommon trap: reason=class_check action=maybe_recompile pc=0x00000144e620b2d4 method=java.util.AbstractList$Itr.next()Ljava/lang/Object; @ 14 c2
Event: 2.594 Thread 0x00000144d6bcee00 DEOPT PACKING pc=0x00000144e620b2d4 sp=0x00000040dd9fcb30
Event: 2.594 Thread 0x00000144d6bcee00 DEOPT UNPACKING pc=0x00000144e5c869a3 sp=0x00000040dd9fcac8 mode 2
Event: 2.653 Thread 0x00000144d6bcee00 Uncommon trap: trap_request=0xffffffde fr.pc=0x00000144e620b2d4 relative=0x00000000000000b4
Event: 2.653 Thread 0x00000144d6bcee00 Uncommon trap: reason=class_check action=maybe_recompile pc=0x00000144e620b2d4 method=java.util.AbstractList$Itr.next()Ljava/lang/Object; @ 14 c2
Event: 2.653 Thread 0x00000144d6bcee00 DEOPT PACKING pc=0x00000144e620b2d4 sp=0x00000040dd9fc380
Event: 2.653 Thread 0x00000144d6bcee00 DEOPT UNPACKING pc=0x00000144e5c869a3 sp=0x00000040dd9fc318 mode 2
Event: 2.706 Thread 0x00000144f5c04f10 Uncommon trap: trap_request=0xffffffde fr.pc=0x00000144e620b2d4 relative=0x00000000000000b4
Event: 2.706 Thread 0x00000144f5c04f10 Uncommon trap: reason=class_check action=maybe_recompile pc=0x00000144e620b2d4 method=java.util.AbstractList$Itr.next()Ljava/lang/Object; @ 14 c2
Event: 2.706 Thread 0x00000144f5c04f10 DEOPT PACKING pc=0x00000144e620b2d4 sp=0x00000040df0fecc0
Event: 2.706 Thread 0x00000144f5c04f10 DEOPT UNPACKING pc=0x00000144e5c869a3 sp=0x00000040df0fec58 mode 2
Event: 59.883 Thread 0x00000144f5c04f10 Uncommon trap: trap_request=0xffffff45 fr.pc=0x00000144e628e078 relative=0x0000000000000518
Event: 59.883 Thread 0x00000144f5c04f10 Uncommon trap: reason=unstable_if action=reinterpret pc=0x00000144e628e078 method=org.gradle.internal.logging.text.AbstractLineChoppingStyledTextOutput$2.execute(Lorg/gradle/internal/logging/text/AbstractLineChoppingStyledTextOutput$StateContext;)V @ 34 c
Event: 59.883 Thread 0x00000144f5c04f10 DEOPT PACKING pc=0x00000144e628e078 sp=0x00000040df0fe8a0
Event: 59.885 Thread 0x00000144f5c04f10 DEOPT UNPACKING pc=0x00000144e5c869a3 sp=0x00000040df0fe728 mode 2
Event: 83.339 Thread 0x00000144d6bcee00 DEOPT PACKING pc=0x00000144de9a1035 sp=0x00000040dd9fce90
Event: 83.340 Thread 0x00000144d6bcee00 DEOPT UNPACKING pc=0x00000144e5c87143 sp=0x00000040dd9fc328 mode 0
Event: 115.550 Thread 0x00000144f5c04f10 DEOPT PACKING pc=0x00000144de9d28f7 sp=0x00000040df0fe890
Event: 115.550 Thread 0x00000144f5c04f10 DEOPT UNPACKING pc=0x00000144e5c87143 sp=0x00000040df0fdd00 mode 0

Classes loaded (20 events):
Event: 59.361 Loading class jdk/internal/logger/LazyLoggers$LazyLoggerFactories
Event: 59.362 Loading class jdk/internal/logger/LazyLoggers$LazyLoggerFactories done
Event: 59.381 Loading class jdk/internal/logger/LoggerFinderLoader
Event: 59.411 Loading class jdk/internal/logger/LoggerFinderLoader done
Event: 59.433 Loading class jdk/internal/logger/LoggerFinderLoader$TemporaryLoggerFinder
Event: 59.434 Loading class jdk/internal/logger/LoggerFinderLoader$TemporaryLoggerFinder done
Event: 59.450 Loading class sun/util/logging/internal/LoggingProviderImpl$JULWrapper
Event: 59.453 Loading class sun/util/logging/PlatformLogger$ConfigurableBridge$LoggerConfiguration
Event: 59.456 Loading class sun/util/logging/PlatformLogger$ConfigurableBridge$LoggerConfiguration done
Event: 59.456 Loading class sun/util/logging/internal/LoggingProviderImpl$JULWrapper done
Event: 59.458 Loading class java/io/ObjectInputFilter
Event: 59.459 Loading class java/io/ObjectInputFilter done
Event: 59.464 Loading class java/io/ObjectInputFilter$Config$BuiltinFilterFactory
Event: 59.464 Loading class java/io/ObjectInputFilter$Config$BuiltinFilterFactory done
Event: 59.465 Loading class jdk/internal/access/JavaObjectInputFilterAccess
Event: 59.465 Loading class jdk/internal/access/JavaObjectInputFilterAccess done
Event: 59.466 Loading class java/lang/System$Logger$Level
Event: 59.467 Loading class java/lang/System$Logger$Level done
Event: 59.470 Loading class java/io/Bits
Event: 59.472 Loading class java/io/Bits done

Classes unloaded (0 events):
No events

Classes redefined (0 events):
No events

Internal exceptions (19 events):
Event: 0.206 Thread 0x00000144d6bcee00 Exception <a 'java/lang/NoSuchMethodError'{0x00000000ffc08c48}: 'int java.lang.invoke.DirectMethodHandle$Holder.invokeStaticInit(java.lang.Object, java.lang.Object)'> (0x00000000ffc08c48) 
thrown [s\src\hotspot\share\interpreter\linkResolver.cpp, line 759]
Event: 1.415 Thread 0x00000144d6bcee00 Exception <a 'java/lang/NoSuchMethodError'{0x00000000ff1b11e0}: 'java.lang.Object java.lang.invoke.DirectMethodHandle$Holder.invokeStaticInit(java.lang.Object)'> (0x00000000ff1b11e0) 
thrown [s\src\hotspot\share\interpreter\linkResolver.cpp, line 759]
Event: 1.446 Thread 0x00000144d6bcee00 Exception <a 'java/lang/NoSuchMethodError'{0x00000000ff1cbed0}: 'int java.lang.invoke.DirectMethodHandle$Holder.invokeSpecial(java.lang.Object, java.lang.Object, java.lang.Object)'> (0x00000000ff1cbed0) 
thrown [s\src\hotspot\share\interpreter\linkResolver.cpp, line 759]
Event: 1.463 Thread 0x00000144d6bcee00 Exception <a 'java/lang/NoSuchMethodError'{0x00000000ff008d40}: 'void java.lang.invoke.DirectMethodHandle$Holder.invokeStatic(java.lang.Object, java.lang.Object)'> (0x00000000ff008d40) 
thrown [s\src\hotspot\share\interpreter\linkResolver.cpp, line 759]
Event: 1.466 Thread 0x00000144d6bcee00 Implicit null exception at 0x00000144e623780f to 0x00000144e6237d50
Event: 1.466 Thread 0x00000144d6bcee00 Implicit null exception at 0x00000144e621500f to 0x00000144e6215558
Event: 1.500 Thread 0x00000144d6bcee00 Exception <a 'java/lang/NoClassDefFoundError'{0x00000000ff084450}: org/slf4j/impl/StaticMarkerBinder> (0x00000000ff084450) 
thrown [s\src\hotspot\share\classfile\systemDictionary.cpp, line 245]
Event: 1.581 Thread 0x00000144d6bcee00 Exception <a 'java/lang/NoSuchMethodError'{0x00000000fefa77f8}: 'java.lang.Object java.lang.invoke.Invokers$Holder.invoker(java.lang.Object, java.lang.Object, java.lang.Object)'> (0x00000000fefa77f8) 
thrown [s\src\hotspot\share\interpreter\linkResolver.cpp, line 759]
Event: 1.584 Thread 0x00000144d6bcee00 Exception <a 'java/lang/NoSuchMethodError'{0x00000000fefb0950}: 'java.lang.Object java.lang.invoke.DirectMethodHandle$Holder.invokeStatic(java.lang.Object, java.lang.Object, int)'> (0x00000000fefb0950) 
thrown [s\src\hotspot\share\interpreter\linkResolver.cpp, line 759]
Event: 1.586 Thread 0x00000144d6bcee00 Exception <a 'java/lang/NoSuchMethodError'{0x00000000fefbc640}: 'void java.lang.invoke.DelegatingMethodHandle$Holder.delegate(java.lang.Object, java.lang.Object, int, java.lang.Object)'> (0x00000000fefbc640) 
thrown [s\src\hotspot\share\interpreter\linkResolver.cpp, line 759]
Event: 1.591 Thread 0x00000144d6bcee00 Exception <a 'java/lang/NoSuchMethodError'{0x00000000fefcfc88}: 'java.lang.Object java.lang.invoke.Invokers$Holder.invokeExact_MT(java.lang.Object, java.lang.Object, java.lang.Object, java.lang.Object)'> (0x00000000fefcfc88) 
thrown [s\src\hotspot\share\interpreter\linkResolver.cpp, line 759]
Event: 1.599 Thread 0x00000144d6bcee00 Exception <a 'java/lang/NoSuchMethodError'{0x00000000feff2320}: 'java.lang.Object java.lang.invoke.DirectMethodHandle$Holder.invokeVirtual(java.lang.Object, java.lang.Object, java.lang.Object)'> (0x00000000feff2320) 
thrown [s\src\hotspot\share\interpreter\linkResolver.cpp, line 759]
Event: 1.819 Thread 0x00000144d6bcee00 Exception <a 'java/lang/NoSuchMethodError'{0x00000000fea03910}: 'java.lang.Object java.lang.invoke.DirectMethodHandle$Holder.newInvokeSpecial(java.lang.Object, java.lang.Object, java.lang.Object, java.lang.Object, java.lang.Object)'> (0x00000000fea03910) 
thrown [s\src\hotspot\share\interpreter\linkResolver.cpp, line 759]
Event: 1.887 Thread 0x00000144d6bcee00 Exception <a 'java/lang/NoSuchMethodError'{0x00000000fe9b1b68}: 'void java.lang.invoke.DirectMethodHandle$Holder.invokeSpecial(java.lang.Object, java.lang.Object, java.lang.Object)'> (0x00000000fe9b1b68) 
thrown [s\src\hotspot\share\interpreter\linkResolver.cpp, line 759]
Event: 2.223 Thread 0x00000144d6bcee00 Exception <a 'java/lang/NoSuchMethodError'{0x00000000fe5d7f08}: 'void java.lang.invoke.DirectMethodHandle$Holder.invokeStatic(java.lang.Object, java.lang.Object, java.lang.Object)'> (0x00000000fe5d7f08) 
thrown [s\src\hotspot\share\interpreter\linkResolver.cpp, line 759]
Event: 2.303 Thread 0x00000144d6bcee00 Exception <a 'java/lang/NoSuchMethodError'{0x00000000fe273430}: 'java.lang.Object java.lang.invoke.DirectMethodHandle$Holder.newInvokeSpecial(java.lang.Object, java.lang.Object, java.lang.Object, java.lang.Object, java.lang.Object, java.lang.Object, java.lang.Object, java.lang.Object, java.lang.Object, java.lang.Object, java.lang.Object, java.lang.Object, java.lang.Object, java.lang.Object, java.lang.Object, java.lang.Object, java.lang.Object, java.lang.Object, java.lang.Object, java.lang.Object, java.lang
Event: 2.304 Thread 0x00000144d6bcee00 Exception <a 'java/lang/NoSuchMethodError'{0x00000000fe27fa38}: 'java.lang.Object java.lang.invoke.Invokers$Holder.linkToTargetMethod(java.lang.Object, java.lang.Object, java.lang.Object, java.lang.Object, java.lang.Object, java.lang.Object, java.lang.Object, java.lang.Object, java.lang.Object, java.lang.Object, java.lang.Object, java.lang.Object, java.lang.Object, java.lang.Object, java.lang.Object, java.lang.Object, java.lang.Object, java.lang.Object, java.lang.Object, java.lang.Object, java.lang.Object,
Event: 2.372 Thread 0x00000144d6bcee00 Exception <a 'java/lang/NoSuchMethodError'{0x00000000fe0e6c60}: 'java.lang.Object java.lang.invoke.DirectMethodHandle$Holder.invokeStaticInit(java.lang.Object, int, int, int, int)'> (0x00000000fe0e6c60) 
thrown [s\src\hotspot\share\interpreter\linkResolver.cpp, line 759]
Event: 2.541 Thread 0x00000144d6bcee00 Exception <a 'java/lang/NoSuchMethodError'{0x00000000fffef930}: 'java.lang.Object java.lang.invoke.DirectMethodHandle$Holder.invokeStaticInit(java.lang.Object, java.lang.Object, int, int, int, int)'> (0x00000000fffef930) 
thrown [s\src\hotspot\share\interpreter\linkResolver.cpp, line 759]

VM Operations (20 events):
Event: 121.316 Executing VM operation: Cleanup
Event: 121.316 Executing VM operation: Cleanup done
Event: 139.465 Executing VM operation: Cleanup
Event: 139.466 Executing VM operation: Cleanup done
Event: 141.469 Executing VM operation: Cleanup
Event: 141.469 Executing VM operation: Cleanup done
Event: 165.694 Executing VM operation: Cleanup
Event: 165.698 Executing VM operation: Cleanup done
Event: 180.553 Executing VM operation: HandshakeAllThreads
Event: 180.629 Executing VM operation: HandshakeAllThreads done
Event: 181.632 Executing VM operation: Cleanup
Event: 181.663 Executing VM operation: Cleanup done
Event: 193.750 Executing VM operation: Cleanup
Event: 193.750 Executing VM operation: Cleanup done
Event: 198.788 Executing VM operation: Cleanup
Event: 198.788 Executing VM operation: Cleanup done
Event: 201.815 Executing VM operation: Cleanup
Event: 201.816 Executing VM operation: Cleanup done
Event: 202.830 Executing VM operation: Cleanup
Event: 202.830 Executing VM operation: Cleanup done

Memory protections (0 events):
No events

Nmethod flushes (0 events):
No events

Events (15 events):
Event: 0.033 Thread 0x00000144d6bcee00 Thread added: 0x00000144d6bcee00
Event: 0.036 Thread 0x00000144d6bcee00 Thread added: 0x00000144f0a49770
Event: 0.036 Thread 0x00000144d6bcee00 Thread added: 0x00000144f0a4be60
Event: 0.049 Thread 0x00000144d6bcee00 Thread added: 0x00000144f0a5fe90
Event: 0.049 Thread 0x00000144d6bcee00 Thread added: 0x00000144f0a62580
Event: 0.049 Thread 0x00000144d6bcee00 Thread added: 0x00000144f0a64a70
Event: 0.049 Thread 0x00000144d6bcee00 Thread added: 0x00000144f0a6b370
Event: 0.050 Thread 0x00000144d6bcee00 Thread added: 0x00000144f0a6cb90
Event: 0.050 Thread 0x00000144d6bcee00 Thread added: 0x00000144f0a7a8d0
Event: 0.050 Thread 0x00000144d6bcee00 Thread added: 0x00000144f0a83df0
Event: 0.065 Thread 0x00000144d6bcee00 Thread added: 0x00000144f0bb4eb0
Event: 0.066 Thread 0x00000144d6bcee00 Thread added: 0x00000144f0bb5e40
Event: 0.684 Thread 0x00000144f0a7a8d0 Thread added: 0x00000144f0e3d4b0
Event: 1.695 Thread 0x00000144d6bcee00 Thread added: 0x00000144f5c04f10
Event: 2.086 Thread 0x00000144f0e3d4b0 Thread exited: 0x00000144f0e3d4b0


Dynamic libraries:
0x00007ff74b1d0000 - 0x00007ff74b1de000 	C:\Program Files\Microsoft\jdk-17.0.13.11-hotspot\bin\java.exe
0x00007fffca620000 - 0x00007fffca888000 	C:\WINDOWS\SYSTEM32\ntdll.dll
0x00007fffc86c0000 - 0x00007fffc8789000 	C:\WINDOWS\System32\KERNEL32.DLL
0x00007fffc7aa0000 - 0x00007fffc7e92000 	C:\WINDOWS\System32\KERNELBASE.dll
0x00007fffc8020000 - 0x00007fffc816b000 	C:\WINDOWS\System32\ucrtbase.dll
0x00007fffa93d0000 - 0x00007fffa93e7000 	C:\Program Files\Microsoft\jdk-17.0.13.11-hotspot\bin\jli.dll
0x00007fffa93b0000 - 0x00007fffa93cd000 	C:\Program Files\Microsoft\jdk-17.0.13.11-hotspot\bin\VCRUNTIME140.dll
0x00007fffc9510000 - 0x00007fffc96d5000 	C:\WINDOWS\System32\USER32.dll
0x00007fffc77b0000 - 0x00007fffc77d7000 	C:\WINDOWS\System32\win32u.dll
0x00007fffb6a70000 - 0x00007fffb6d03000 	C:\WINDOWS\WinSxS\amd64_microsoft.windows.common-controls_6595b64144ccf1df_6.0.26100.6725_none_3e085828e334708b\COMCTL32.dll
0x00007fffc9790000 - 0x00007fffc97bb000 	C:\WINDOWS\System32\GDI32.dll
0x00007fffc96e0000 - 0x00007fffc9789000 	C:\WINDOWS\System32\msvcrt.dll
0x00007fffc8170000 - 0x00007fffc829d000 	C:\WINDOWS\System32\gdi32full.dll
0x00007fffc82a0000 - 0x00007fffc8343000 	C:\WINDOWS\System32\msvcp_win.dll
0x00007fffc8680000 - 0x00007fffc86af000 	C:\WINDOWS\System32\IMM32.DLL
0x00007fffb42f0000 - 0x00007fffb42fc000 	C:\Program Files\Microsoft\jdk-17.0.13.11-hotspot\bin\vcruntime140_1.dll
0x00007fff98950000 - 0x00007fff989dd000 	C:\Program Files\Microsoft\jdk-17.0.13.11-hotspot\bin\msvcp140.dll
0x00007fff22900000 - 0x00007fff23571000 	C:\Program Files\Microsoft\jdk-17.0.13.11-hotspot\bin\server\jvm.dll
0x00007fffc8820000 - 0x00007fffc88d4000 	C:\WINDOWS\System32\ADVAPI32.dll
0x00007fffc8570000 - 0x00007fffc8616000 	C:\WINDOWS\System32\sechost.dll
0x00007fffc8fb0000 - 0x00007fffc90c8000 	C:\WINDOWS\System32\RPCRT4.dll
0x00007fffc90d0000 - 0x00007fffc9144000 	C:\WINDOWS\System32\WS2_32.dll
0x00007fffbf510000 - 0x00007fffbf545000 	C:\WINDOWS\SYSTEM32\WINMM.dll
0x00007fffc7610000 - 0x00007fffc766e000 	C:\WINDOWS\SYSTEM32\POWRPROF.dll
0x00007fffbf550000 - 0x00007fffbf55b000 	C:\WINDOWS\SYSTEM32\VERSION.dll
0x00007fffc75f0000 - 0x00007fffc7604000 	C:\WINDOWS\SYSTEM32\UMPDC.dll
0x00007fffc64e0000 - 0x00007fffc64fb000 	C:\WINDOWS\SYSTEM32\kernel.appcore.dll
0x00007fffb42d0000 - 0x00007fffb42da000 	C:\Program Files\Microsoft\jdk-17.0.13.11-hotspot\bin\jimage.dll
0x00007fffc5050000 - 0x00007fffc5292000 	C:\WINDOWS\SYSTEM32\DBGHELP.DLL
0x00007fffc8950000 - 0x00007fffc8ccb000 	C:\WINDOWS\System32\combase.dll
0x00007fffc9330000 - 0x00007fffc9407000 	C:\WINDOWS\System32\OLEAUT32.dll
0x00007fffb7910000 - 0x00007fffb794c000 	C:\WINDOWS\SYSTEM32\dbgcore.DLL
0x00007fffc8350000 - 0x00007fffc83e8000 	C:\WINDOWS\System32\bcryptPrimitives.dll
0x00007fffa86a0000 - 0x00007fffa86c5000 	C:\Program Files\Microsoft\jdk-17.0.13.11-hotspot\bin\java.dll
0x00007fff95660000 - 0x00007fff95737000 	C:\Program Files\Microsoft\jdk-17.0.13.11-hotspot\bin\jsvml.dll
0x00007fffc9ca0000 - 0x00007fffca3ec000 	C:\WINDOWS\System32\SHELL32.dll
0x00007fffc77e0000 - 0x00007fffc794b000 	C:\WINDOWS\System32\wintypes.dll
0x00007fffc5440000 - 0x00007fffc5c9d000 	C:\WINDOWS\SYSTEM32\windows.storage.dll
0x00007fffca410000 - 0x00007fffca502000 	C:\WINDOWS\System32\SHCORE.dll
0x00007fffc88e0000 - 0x00007fffc8942000 	C:\WINDOWS\System32\shlwapi.dll
0x00007fffc76d0000 - 0x00007fffc76f9000 	C:\WINDOWS\SYSTEM32\profapi.dll
0x00007fffa89d0000 - 0x00007fffa89ea000 	C:\Program Files\Microsoft\jdk-17.0.13.11-hotspot\bin\net.dll
0x00007fffc0270000 - 0x00007fffc038f000 	C:\WINDOWS\SYSTEM32\WINHTTP.dll
0x00007fffc6af0000 - 0x00007fffc6b5b000 	C:\WINDOWS\system32\mswsock.dll
0x00007fffa8680000 - 0x00007fffa8696000 	C:\Program Files\Microsoft\jdk-17.0.13.11-hotspot\bin\nio.dll
0x00007fffa7ce0000 - 0x00007fffa7cf8000 	C:\Program Files\Microsoft\jdk-17.0.13.11-hotspot\bin\zip.dll
0x00007fffb40b0000 - 0x00007fffb40c0000 	C:\Program Files\Microsoft\jdk-17.0.13.11-hotspot\bin\verify.dll
0x00007fffb3f20000 - 0x00007fffb3f2a000 	C:\Program Files\Microsoft\jdk-17.0.13.11-hotspot\bin\management.dll
0x00007fffac4a0000 - 0x00007fffac4ab000 	C:\Program Files\Microsoft\jdk-17.0.13.11-hotspot\bin\management_ext.dll
0x00007fffca520000 - 0x00007fffca528000 	C:\WINDOWS\System32\PSAPI.DLL
0x00007fffa4550000 - 0x00007fffa4577000 	C:\Users\laxman\.gradle\native\1def1411415f61bf3af743bc5b6707747c0891f09f0c88961ee8f79bc544acac\windows-amd64\native-platform.dll
0x00007fffab9b0000 - 0x00007fffab9ba000 	C:\Users\laxman\.gradle\native\jansi\1.18\windows64\jansi.dll
0x00007fffc5ff0000 - 0x00007fffc6024000 	C:\WINDOWS\SYSTEM32\IPHLPAPI.DLL
0x00007fffca400000 - 0x00007fffca40a000 	C:\WINDOWS\System32\NSI.dll
0x00007fffbffc0000 - 0x00007fffbffde000 	C:\WINDOWS\SYSTEM32\dhcpcsvc6.DLL
0x00007fffbfca0000 - 0x00007fffbfcc3000 	C:\WINDOWS\SYSTEM32\dhcpcsvc.DLL
0x00007fffc6090000 - 0x00007fffc61b6000 	C:\WINDOWS\SYSTEM32\DNSAPI.dll
0x00007fffa8670000 - 0x00007fffa8679000 	C:\Program Files\Microsoft\jdk-17.0.13.11-hotspot\bin\extnet.dll
0x00007fffc6da0000 - 0x00007fffc6dbb000 	C:\WINDOWS\SYSTEM32\CRYPTSP.dll
0x00007fffc6500000 - 0x00007fffc653b000 	C:\WINDOWS\system32\rsaenh.dll
0x00007fffc6b90000 - 0x00007fffc6bbb000 	C:\WINDOWS\SYSTEM32\USERENV.dll
0x00007fffc76a0000 - 0x00007fffc76c6000 	C:\WINDOWS\SYSTEM32\bcrypt.dll
0x00007fffc6dc0000 - 0x00007fffc6dcc000 	C:\WINDOWS\SYSTEM32\CRYPTBASE.dll
0x00007fffa6810000 - 0x00007fffa681e000 	C:\Program Files\Microsoft\jdk-17.0.13.11-hotspot\bin\sunmscapi.dll
0x00007fffc7ea0000 - 0x00007fffc8017000 	C:\WINDOWS\System32\CRYPT32.dll
0x00007fffc6fc0000 - 0x00007fffc6ff0000 	C:\WINDOWS\SYSTEM32\ncrypt.dll
0x00007fffc6f70000 - 0x00007fffc6faf000 	C:\WINDOWS\SYSTEM32\NTASN1.dll
0x00007fff9afc0000 - 0x00007fff9afc8000 	C:\WINDOWS\system32\wshunix.dll

dbghelp: loaded successfully - version: 4.0.5 - missing functions: none
symbol engine: initialized successfully - sym options: 0x614 - pdb path: .;C:\Program Files\Microsoft\jdk-17.0.13.11-hotspot\bin;C:\WINDOWS\SYSTEM32;C:\WINDOWS\WinSxS\amd64_microsoft.windows.common-controls_6595b64144ccf1df_6.0.26100.6725_none_3e085828e334708b;C:\Program Files\Microsoft\jdk-17.0.13.11-hotspot\bin\server;C:\Users\laxman\.gradle\native\1def1411415f61bf3af743bc5b6707747c0891f09f0c88961ee8f79bc544acac\windows-amd64;C:\Users\laxman\.gradle\native\jansi\1.18\windows64

VM Arguments:
jvm_args: -Xmx64m -Xms64m -Dorg.gradle.appname=gradlew 
java_command: C:\sttribe_Internship\sttribe-app\android\\gradle\wrapper\gradle-wrapper.jar app:installDebug -PreactNativeDevServerPort=8081
java_class_path (initial): C:\sttribe_Internship\sttribe-app\android\\gradle\wrapper\gradle-wrapper.jar
Launcher Type: SUN_STANDARD

[Global flags]
     intx CICompilerCount                          = 4                                         {product} {ergonomic}
     uint ConcGCThreads                            = 3                                         {product} {ergonomic}
     uint G1ConcRefinementThreads                  = 10                                        {product} {ergonomic}
   size_t G1HeapRegionSize                         = 1048576                                   {product} {ergonomic}
    uintx GCDrainStackTargetSize                   = 64                                        {product} {ergonomic}
   size_t InitialHeapSize                          = 67108864                                  {product} {command line}
   size_t MarkStackSize                            = 4194304                                   {product} {ergonomic}
   size_t MaxHeapSize                              = 67108864                                  {product} {command line}
   size_t MaxNewSize                               = 39845888                                  {product} {ergonomic}
   size_t MinHeapDeltaBytes                        = 1048576                                   {product} {ergonomic}
   size_t MinHeapSize                              = 67108864                                  {product} {command line}
    uintx NonNMethodCodeHeapSize                   = 5839372                                {pd product} {ergonomic}
    uintx NonProfiledCodeHeapSize                  = 122909434                              {pd product} {ergonomic}
    uintx ProfiledCodeHeapSize                     = 122909434                              {pd product} {ergonomic}
    uintx ReservedCodeCacheSize                    = 251658240                              {pd product} {ergonomic}
     bool SegmentedCodeCache                       = true                                      {product} {ergonomic}
   size_t SoftMaxHeapSize                          = 67108864                               {manageable} {ergonomic}
     bool UseCompressedClassPointers               = true                           {product lp64_product} {ergonomic}
     bool UseCompressedOops                        = true                           {product lp64_product} {ergonomic}
     bool UseG1GC                                  = true                                      {product} {ergonomic}
     bool UseLargePagesIndividualAllocation        = false                                  {pd product} {ergonomic}

Logging:
Log output configuration:
 #0: stdout all=warning uptime,level,tags
 #1: stderr all=off uptime,level,tags

Environment Variables:
JAVA_HOME=C:\Program Files\Microsoft\jdk-17.0.13.11-hotspot
PATH=C:\sttribe_Internship\sttribe-app\node_modules\.bin;C:\sttribe_Internship\sttribe-app\node_modules\.bin;C:\sttribe_Internship\node_modules\.bin;C:\node_modules\.bin;C:\Users\laxman\AppData\Roaming\npm\node_modules\npm\node_modules\@npmcli\run-script\lib\node-gyp-bin;C:\Users\laxman\bin;C:\Program Files\Git\mingw64\bin;C:\Program Files\Git\usr\local\bin;C:\Program Files\Git\usr\bin;C:\Program Files\Git\usr\bin;C:\Program Files\Git\mingw64\bin;C:\Program Files\Git\usr\bin;C:\Users\laxman\bin;C:\WINDOWS\system32;C:\WINDOWS;C:\WINDOWS\System32\Wbem;C:\WINDOWS\System32\WindowsPowerShell\v1.0;C:\WINDOWS\System32\OpenSSH;C:\Program Files\Git\cmd;C:\ProgramData\chocolatey\bin;C:\Users\laxman\AppData\Local\Android\Sdk\platforms;C:\Users\laxman\AppData\Local\Android\Sdk;C:\Users\laxman\AppData\Local\Android\Sdk\platform-tools;C:\Users\laxman\AppData\Local\Android\Sdk\build-tools;C:\Users\laxman\AppData\Local\Android\Sdk\emulator;C:\Program Files\Microsoft\jdk-17.0.13.11-hotspot\bin;C:\Program Files\nodejs;C:\Users\laxman\AppData\Local\Android\Sdk\tools;C:\Users\laxman\AppData\Local\Microsoft\WindowsApps;C:\Users\laxman\AppData\Local\Programs\Microsoft VS Code\bin;C:\jdk-20\bin;C:\Users\laxman\AppData\Local\Android\Sdk;C:\Users\laxman\AppData\Local\Android\Sdk\platform-tools;C:\Users\laxman\AppData\Local\Android\Sdk\emulator;C:\Users\laxman\AppData\Local\Android\Sdk\build-tools;C:\Users\laxman\AppData\Local\Android\Sdk\platforms;C:\Program Files\Microsoft\jdk-17.0.13.11-hotspot\bin;C:\Users\laxman\AppData\Roaming\npm;C:\Program Files\Git\usr\bin\vendor_perl;C:\Program Files\Git\usr\bin\core_perl
USERNAME=laxman
SHELL=C:\Program Files\Git\usr\bin\bash.exe
DISPLAY=needs-to-be-defined
LANG=en_US.UTF-8
TERM=xterm-256color
TMPDIR=C:\Users\laxman\AppData\Local\Temp
OS=Windows_NT
PROCESSOR_IDENTIFIER=AMD64 Family 23 Model 104 Stepping 1, AuthenticAMD
TMP=C:\Users\laxman\AppData\Local\Temp
TEMP=C:\Users\laxman\AppData\Local\Temp



Periodic native trim disabled


---------------  S Y S T E M  ---------------

OS:
 Windows 11 , 64 bit Build 26100 (10.0.26100.6725)
OS uptime: 10 days 11:13 hours

CPU: total 12 (initial active 12) (12 cores per cpu, 2 threads per core) family 23 model 104 stepping 1 microcode 0x8608103, cx8, cmov, fxsr, ht, mmx, 3dnowpref, sse, sse2, sse3, ssse3, sse4a, sse4.1, sse4.2, popcnt, lzcnt, tsc, tscinvbit, avx, avx2, aes, clmul, bmi1, bmi2, adx, sha, fma, vzeroupper, clflush, clflushopt
Processor Information for processor 0
  Max Mhz: 2100, Current Mhz: 2100, Mhz Limit: 2100
Processor Information for processor 1
  Max Mhz: 2100, Current Mhz: 1988, Mhz Limit: 2100
Processor Information for processor 2
  Max Mhz: 2100, Current Mhz: 2100, Mhz Limit: 2100
Processor Information for processor 3
  Max Mhz: 2100, Current Mhz: 2100, Mhz Limit: 2100
Processor Information for processor 4
  Max Mhz: 2100, Current Mhz: 1988, Mhz Limit: 2100
Processor Information for processor 5
  Max Mhz: 2100, Current Mhz: 2100, Mhz Limit: 2100
Processor Information for processor 6
  Max Mhz: 2100, Current Mhz: 2100, Mhz Limit: 2100
Processor Information for processor 7
  Max Mhz: 2100, Current Mhz: 2100, Mhz Limit: 2100
Processor Information for processor 8
  Max Mhz: 2100, Current Mhz: 2100, Mhz Limit: 2100
Processor Information for processor 9
  Max Mhz: 2100, Current Mhz: 2100, Mhz Limit: 2100
Processor Information for processor 10
  Max Mhz: 2100, Current Mhz: 2100, Mhz Limit: 2100
Processor Information for processor 11
  Max Mhz: 2100, Current Mhz: 2100, Mhz Limit: 2100

Memory: 4k page, system-wide physical 5989M (724M free)
TotalPageFile size 24421M (AvailPageFile size 75M)
current process WorkingSet (physical memory assigned to process): 12M, peak: 115M
current process commit charge ("private bytes"): 173M, peak: 187M

vm_info: OpenJDK 64-Bit Server VM (17.0.13+11-LTS) for windows-amd64 JRE (17.0.13+11-LTS), built on Oct 11 2024 23:25:05 by "MicrosoftCorporation" with unknown MS VC++:1939

END.
